Flow report for spi_sd
Mon Jan 21 22:55:55 2013
Quartus II Version 11.0 Build 157 04/27/2011 SJ Full Version


---------------------
; Table of Contents ;
---------------------
  1. Legal Notice
  2. Flow Summary
  3. Flow Settings
  4. Flow Non-Default Global Settings
  5. Flow Elapsed Time
  6. Flow OS Summary
  7. Flow Log



----------------
; Legal Notice ;
----------------
Copyright (C) 1991-2011 Altera Corporation
Your use of Altera Corporation's design tools, logic functions 
and other software and tools, and its AMPP partner logic 
functions, and any output files from any of the foregoing 
(including device programming or simulation files), and any 
associated documentation or information are expressly subject 
to the terms and conditions of the Altera Program License 
Subscription Agreement, Altera MegaCore Function License 
Agreement, or other applicable license agreement, including, 
without limitation, that your use is for the sole purpose of 
programming logic devices manufactured by Altera and sold by 
Altera or its authorized distributors.  Please refer to the 
applicable agreement for further details.



+--------------------------------------------------------------------------------+
; Flow Summary                                                                   ;
+------------------------------------+-------------------------------------------+
; Flow Status                        ; Successful - Mon Jan 21 22:55:54 2013     ;
; Quartus II Version                 ; 11.0 Build 157 04/27/2011 SJ Full Version ;
; Revision Name                      ; spi_sd                                    ;
; Top-level Entity Name              ; spi_sd                                    ;
; Family                             ; Cyclone II                                ;
; Device                             ; EP2C8Q208C8                               ;
; Timing Models                      ; Final                                     ;
; Total logic elements               ; 250 / 8,256 ( 3 % )                       ;
;     Total combinational functions  ; 219 / 8,256 ( 3 % )                       ;
;     Dedicated logic registers      ; 137 / 8,256 ( 2 % )                       ;
; Total registers                    ; 137                                       ;
; Total pins                         ; 6 / 138 ( 4 % )                           ;
; Total virtual pins                 ; 0                                         ;
; Total memory bits                  ; 0 / 165,888 ( 0 % )                       ;
; Embedded Multiplier 9-bit elements ; 0 / 36 ( 0 % )                            ;
; Total PLLs                         ; 0 / 2 ( 0 % )                             ;
+------------------------------------+-------------------------------------------+


+-----------------------------------------+
; Flow Settings                           ;
+-------------------+---------------------+
; Option            ; Setting             ;
+-------------------+---------------------+
; Start date & time ; 01/21/2013 22:55:46 ;
; Main task         ; Compilation         ;
; Revision Name     ; spi_sd              ;
+-------------------+---------------------+


+------------------------------------------------------------------------------------------------------------------+
; Flow Non-Default Global Settings                                                                                 ;
+-------------------------------------+---------------------------------+---------------+-------------+------------+
; Assignment Name                     ; Value                           ; Default Value ; Entity Name ; Section Id ;
+-------------------------------------+---------------------------------+---------------+-------------+------------+
; COMPILER_SIGNATURE_ID               ; 106564199001605.135879454607160 ; --            ; --          ; --         ;
; MAX_CORE_JUNCTION_TEMP              ; 85                              ; --            ; --          ; --         ;
; MIN_CORE_JUNCTION_TEMP              ; 0                               ; --            ; --          ; --         ;
; PARTITION_COLOR                     ; 16764057                        ; --            ; --          ; Top        ;
; PARTITION_FITTER_PRESERVATION_LEVEL ; PLACEMENT_AND_ROUTING           ; --            ; --          ; Top        ;
; PARTITION_NETLIST_TYPE              ; SOURCE                          ; --            ; --          ; Top        ;
+-------------------------------------+---------------------------------+---------------+-------------+------------+


+-------------------------------------------------------------------------------------------------------------------------------+
; Flow Elapsed Time                                                                                                             ;
+---------------------------+--------------+-------------------------+---------------------+------------------------------------+
; Module Name               ; Elapsed Time ; Average Processors Used ; Peak Virtual Memory ; Total CPU Time (on all processors) ;
+---------------------------+--------------+-------------------------+---------------------+------------------------------------+
; Analysis & Synthesis      ; 00:00:02     ; 1.0                     ; 268 MB              ; 00:00:02                           ;
; Fitter                    ; 00:00:03     ; 1.5                     ; 334 MB              ; 00:00:03                           ;
; Assembler                 ; 00:00:01     ; 1.0                     ; 242 MB              ; 00:00:01                           ;
; TimeQuest Timing Analyzer ; 00:00:02     ; 2.0                     ; 254 MB              ; 00:00:02                           ;
; Total                     ; 00:00:08     ; --                      ; --                  ; 00:00:08                           ;
+---------------------------+--------------+-------------------------+---------------------+------------------------------------+


+----------------------------------------------------------------------------------------+
; Flow OS Summary                                                                        ;
+---------------------------+------------------+-----------+------------+----------------+
; Module Name               ; Machine Hostname ; OS Name   ; OS Version ; Processor type ;
+---------------------------+------------------+-----------+------------+----------------+
; Analysis & Synthesis      ; LittleBu         ; Windows 7 ; 6.1        ; x86_64         ;
; Fitter                    ; LittleBu         ; Windows 7 ; 6.1        ; x86_64         ;
; Assembler                 ; LittleBu         ; Windows 7 ; 6.1        ; x86_64         ;
; TimeQuest Timing Analyzer ; LittleBu         ; Windows 7 ; 6.1        ; x86_64         ;
+---------------------------+------------------+-----------+------------+----------------+


------------
; Flow Log ;
------------
quartus_map --read_settings_files=on --write_settings_files=off spi_sd -c spi_sd
quartus_fit --read_settings_files=off --write_settings_files=off spi_sd -c spi_sd
quartus_asm --read_settings_files=off --write_settings_files=off spi_sd -c spi_sd
quartus_sta spi_sd -c spi_sd



